../Core/Src/main.c:90:9:Constrain_Speed	16	static
../Core/Src/main.c:97:6:Set_Motor_A	16	static
../Core/Src/main.c:117:6:Set_Motor_B	16	static
../Core/Src/main.c:137:6:Balance_Control	40	static
../Core/Src/main.c:172:5:main	112	static
../Core/Src/main.c:266:6:SystemClock_Config	96	static
../Core/Src/main.c:309:13:MX_I2C1_Init	8	static
../Core/Src/main.c:357:13:MX_TIM3_Init	48	static
../Core/Src/main.c:418:13:MX_USART2_UART_Init	8	static
../Core/Src/main.c:453:13:MX_GPIO_Init	24	static
../Core/Src/main.c:477:6:Error_Handler	8	static,ignoring_inline_asm
